// Jest Snapshot v1, https://goo.gl/fbAQLP

exports[`CreateMap renders correctly 1`] = `null`;
