// Jest Snapshot v1, https://goo.gl/fbAQLP

exports[`login renders correctly 1`] = `null`;
