// Jest Snapshot v1, https://goo.gl/fbAQLP

exports[`MapEditor Page renders correctly 1`] = `null`;
